[17:44:10] [main/INFO]: Loading Minecraft 1.20.4 with Fabric Loader 0.16.14
[17:44:12] [main/WARN]: Warnings were found!
 - Mod 'TPS Hud' (tpshud) 1.7.0+1.20.3 recommends version 4.0.0 or later of modmenu, which is missing!
	 - You should install version 4.0.0 or later of modmenu for the optimal experience.
 - Mod 'TPS Hud' (tpshud) 1.7.0+1.20.3 recommends any version of yet-another-config-lib, which is missing!
	 - You should install any version of yet-another-config-lib for the optimal experience.
[17:44:12] [main/INFO]: Loading 96 mods:
	- c2me 0.2.0+alpha.11.72
	   |-- c2me-base 0.2.0+alpha.11.72
	   |-- c2me-client-uncapvd 0.2.0+alpha.11.72
	   |-- c2me-fixes-chunkio-threading-issues 0.2.0+alpha.11.72
	   |-- c2me-fixes-general-threading-issues 0.2.0+alpha.11.72
	   |-- c2me-fixes-worldgen-threading-issues 0.2.0+alpha.11.72
	   |-- c2me-fixes-worldgen-vanilla-bugs 0.2.0+alpha.11.72
	   |-- c2me-notickvd 0.2.0+alpha.11.72
	   |-- c2me-opts-allocs 0.2.0+alpha.11.72
	   |-- c2me-opts-chunk-access 0.2.0+alpha.11.72
	   |-- c2me-opts-chunkio 0.2.0+alpha.11.72
	   |-- c2me-opts-math 0.2.0+alpha.11.72
	   |-- c2me-opts-scheduling 0.2.0+alpha.11.72
	   |-- c2me-opts-worldgen-general 0.2.0+alpha.11.72
	   |-- c2me-opts-worldgen-vanilla 0.2.0+alpha.11.72
	   |-- c2me-rewrites-chunk-serializer 0.2.0+alpha.11.72
	   |-- c2me-rewrites-chunkio 0.2.0+alpha.11.72
	   |-- c2me-server-utils 0.2.0+alpha.11.72
	   |-- c2me-threading-chunkio 0.2.0+alpha.11.72
	   |-- c2me-threading-lighting 0.2.0+alpha.11.72
	   |-- c2me-threading-worldgen 0.2.0+alpha.11.72
	   |-- com_electronwill_night-config_core 3.6.5
	   |-- com_electronwill_night-config_toml 3.6.5
	   |-- com_ibm_async_asyncutil 0.1.0
	   |-- net_objecthunter_exp4j 0.4.8
	   \-- org_threadly_threadly 7.0
	- carpet 1.4.128+v231205
	- chunky 1.3.146
	- fabric-api 0.97.3+1.20.4
	   |-- fabric-api-base 0.4.37+78d798af4f
	   |-- fabric-api-lookup-api-v1 1.6.50+82b1bb3e4f
	   |-- fabric-biome-api-v1 13.0.17+78d798af4f
	   |-- fabric-block-api-v1 1.0.17+3e2216cb4f
	   |-- fabric-block-view-api-v2 1.0.5+78d798af4f
	   |-- fabric-blockrenderlayer-v1 1.1.47+78d798af4f
	   |-- fabric-client-tags-api-v1 1.1.8+78d798af4f
	   |-- fabric-command-api-v1 1.2.42+f71b366f4f
	   |-- fabric-command-api-v2 2.2.21+78d798af4f
	   |-- fabric-commands-v0 0.2.59+df3654b34f
	   |-- fabric-containers-v0 0.1.88+df3654b34f
	   |-- fabric-content-registries-v0 5.0.16+78d798af4f
	   |-- fabric-convention-tags-v1 1.5.11+78d798af4f
	   |-- fabric-crash-report-info-v1 0.2.24+78d798af4f
	   |-- fabric-data-attachment-api-v1 1.1.5+b90db5744f
	   |-- fabric-data-generation-api-v1 13.2.6+5c0133444f
	   |-- fabric-dimensions-v1 2.1.63+6605d1a84f
	   |-- fabric-entity-events-v1 1.6.2+09fc25014f
	   |-- fabric-events-interaction-v0 0.7.2+389931eb4f
	   |-- fabric-events-lifecycle-v0 0.2.76+df3654b34f
	   |-- fabric-game-rule-api-v1 1.0.47+78d798af4f
	   |-- fabric-item-api-v1 2.3.1+cadc140c4f
	   |-- fabric-item-group-api-v1 4.0.27+ee30b13a4f
	   |-- fabric-key-binding-api-v1 1.0.42+78d798af4f
	   |-- fabric-keybindings-v0 0.2.40+df3654b34f
	   |-- fabric-lifecycle-events-v1 2.3.1+a67ffb5d4f
	   |-- fabric-loot-api-v2 2.1.10+78d798af4f
	   |-- fabric-message-api-v1 6.0.6+78d798af4f
	   |-- fabric-mining-level-api-v1 2.1.66+78d798af4f
	   |-- fabric-model-loading-api-v1 1.0.9+78d798af4f
	   |-- fabric-models-v0 0.4.8+9386d8a74f
	   |-- fabric-networking-api-v1 3.1.9+6abb6a4b4f
	   |-- fabric-object-builder-api-v1 13.1.0+dba1195c4f
	   |-- fabric-particles-v1 1.1.8+78d798af4f
	   |-- fabric-recipe-api-v1 2.0.22+78d798af4f
	   |-- fabric-registry-sync-v0 4.0.21+ee30b13a4f
	   |-- fabric-renderer-api-v1 3.2.5+78d798af4f
	   |-- fabric-renderer-indigo 1.5.6+d331d3144f
	   |-- fabric-renderer-registries-v1 3.2.54+df3654b34f
	   |-- fabric-rendering-data-attachment-v1 0.3.43+73761d2e4f
	   |-- fabric-rendering-fluids-v1 3.1.2+e761c6694f
	   |-- fabric-rendering-v0 1.1.57+df3654b34f
	   |-- fabric-rendering-v1 3.2.1+6fd945a04f
	   |-- fabric-resource-conditions-api-v1 2.3.15+78d798af4f
	   |-- fabric-resource-loader-v0 0.11.21+ee30b13a4f
	   |-- fabric-screen-api-v1 2.0.18+78d798af4f
	   |-- fabric-screen-handler-api-v1 1.3.57+78d798af4f
	   |-- fabric-sound-api-v1 1.0.18+78d798af4f
	   |-- fabric-transfer-api-v1 4.0.12+90f2d7b14f
	   \-- fabric-transitive-access-wideners-v1 5.0.15+78d798af4f
	- fabric-language-kotlin 1.13.3+kotlin.2.1.21
	   |-- org_jetbrains_kotlin_kotlin-reflect 2.1.21
	   |-- org_jetbrains_kotlin_kotlin-stdlib 2.1.21
	   |-- org_jetbrains_kotlin_kotlin-stdlib-jdk7 2.1.21
	   |-- org_jetbrains_kotlin_kotlin-stdlib-jdk8 2.1.21
	   |-- org_jetbrains_kotlinx_atomicfu-jvm 0.27.0
	   |-- org_jetbrains_kotlinx_kotlinx-coroutines-core-jvm 1.10.2
	   |-- org_jetbrains_kotlinx_kotlinx-coroutines-jdk8 1.10.2
	   |-- org_jetbrains_kotlinx_kotlinx-datetime-jvm 0.6.2
	   |-- org_jetbrains_kotlinx_kotlinx-io-bytestring-jvm 0.7.0
	   |-- org_jetbrains_kotlinx_kotlinx-io-core-jvm 0.7.0
	   |-- org_jetbrains_kotlinx_kotlinx-serialization-cbor-jvm 1.8.1
	   |-- org_jetbrains_kotlinx_kotlinx-serialization-core-jvm 1.8.1
	   \-- org_jetbrains_kotlinx_kotlinx-serialization-json-jvm 1.8.1
	- fabricloader 0.16.14
	   \-- mixinextras 0.4.1
	- java 21
	- lithium 0.12.1
	- minecraft 1.20.4
	- servercore 1.5.0+1.20.4
	   |-- fabric-permissions-api-v0 0.3-SNAPSHOT
	   |-- org_yaml_snakeyaml 2.2
	   |-- placeholder-api 2.3.0+1.20.3
	   |-- space_arim_dazzleconf_dazzleconf-core 1.3.0-M2
	   \-- space_arim_dazzleconf_dazzleconf-ext-snakeyaml 1.3.0-M2
	- skinrestorer 2.3.5+1.20.3-fabric
	   \-- org_mineskin_java-client 3.0.6-SNAPSHOT
	- spark 1.10.58
	- tpshud 1.7.0+1.20.3
	   \-- me_obsilabor_alert 1.0.8
	- voicechat 1.20.4-2.5.22
	   \-- fabric-key-binding-api-v1 1.0.39+f4b7e42432
[17:44:14] [main/INFO]: SpongePowered MIXIN Subsystem Version=0.8.7 Source=file:/workspaces/Server/libraries/net/fabricmc/sponge-mixin/0.15.5+mixin.0.8.7/sponge-mixin-0.15.5+mixin.0.8.7.jar Service=Knot/Fabric Env=SERVER
[17:44:14] [main/INFO]: Compatibility level set to JAVA_16
[17:44:14] [main/INFO]: Compatibility level set to JAVA_17
[17:44:15] [main/INFO]: Initializing com.ishland.c2me.base.mixin
[17:44:16] [main/INFO]: Global Executor Parallelism: 1 configured, 1 evaluated, 1 default evaluated
[17:44:16] [main/INFO]: Initializing com.ishland.c2me.fixes.chunkio.threading_issues.mixin
[17:44:16] [main/INFO]: Initializing com.ishland.c2me.fixes.general.threading_issues.mixin
[17:44:16] [main/INFO]: Initializing com.ishland.c2me.fixes.worldgen.threading_issues.mixin
[17:44:16] [main/INFO]: Initializing com.ishland.c2me.fixes.worldgen.vanilla_bugs.mixin
[17:44:16] [main/INFO]: Initializing com.ishland.c2me.notickvd.mixin
[17:44:16] [main/INFO]: Initializing com.ishland.c2me.opts.allocs.mixin
[17:44:16] [main/INFO]: Initializing com.ishland.c2me.opts.chunk_access.mixin
[17:44:16] [main/INFO]: Initializing com.ishland.c2me.opts.chunkio.mixin
[17:44:16] [main/INFO]: Initializing com.ishland.c2me.opts.math.mixin
[17:44:16] [main/INFO]: Initializing com.ishland.c2me.opts.scheduling.mixin
[17:44:16] [main/INFO]: Initializing com.ishland.c2me.opts.worldgen.general.mixin
[17:44:16] [main/INFO]: Initializing com.ishland.c2me.opts.worldgen.vanilla.mixin
[17:44:16] [main/INFO]: Initializing com.ishland.c2me.rewrites.chunk_serializer.mixin
[17:44:16] [main/INFO]: Disabling com.ishland.c2me.rewrites.chunk_serializer.mixin
[17:44:16] [main/INFO]: Initializing com.ishland.c2me.rewrites.chunkio.mixin
[17:44:16] [main/INFO]: Disabling com.ishland.c2me.rewrites.chunkio.mixin
[17:44:16] [main/INFO]: Initializing com.ishland.c2me.server.utils.mixin
[17:44:16] [main/INFO]: Initializing com.ishland.c2me.threading.chunkio.mixin
[17:44:16] [main/INFO]: Initializing com.ishland.c2me.threading.lighting.mixin
[17:44:16] [main/INFO]: Initializing com.ishland.c2me.threading.worldgen.mixin
[17:44:16] [main/INFO]: Disabling com.ishland.c2me.threading.worldgen.mixin
[17:44:16] [main/WARN]: Mod 'c2me' attempted to override option 'mixin.world.player_chunk_tick', which doesn't exist, ignoring
[17:44:16] [main/INFO]: Loaded configuration file for Lithium: 129 options available, 1 override(s) found
[17:44:20] [main/WARN]: Error loading class: ca/spottedleaf/starlight/common/thread/SchedulingUtil (java.lang.ClassNotFoundException: ca/spottedleaf/starlight/common/thread/SchedulingUtil)
[17:44:25] [main/WARN]: Force-disabling mixin 'alloc.chunk_ticking.ServerChunkManagerMixin' as rule 'mixin.alloc.chunk_ticking' (added by mods [servercore]) disables it and children
[17:44:29] [main/INFO]: Initializing MixinExtras via com.llamalad7.mixinextras.service.MixinExtrasServiceImpl(version=0.4.1).
[17:44:45] [main/INFO]: [ServerCore] Loaded V1.5.0+1.20.4!
[17:44:48] [main/INFO]: [voicechat] Compatibility version 18
[17:44:49] [main/INFO]: [voicechat] Loading plugins
[17:44:49] [main/INFO]: [voicechat] Loaded 0 plugin(s)
[17:44:49] [main/INFO]: [voicechat] Initializing plugins
[17:44:49] [main/INFO]: [voicechat] Initialized 0 plugin(s)
[17:44:49] [main/INFO]: Environment: Environment[sessionHost=https://sessionserver.mojang.com, servicesHost=https://api.minecraftservices.com, name=PROD]
[17:44:49] [main/WARN]: Missing metadata in pack file/VanillaTweaks_d815585_UNZIP_ME.zip
[17:44:55] [main/INFO]: Loaded 7 recipes
[17:44:55] [main/INFO]: Loaded 1290 advancements
[17:44:57] [main/INFO]: Applied 0 biome modifications to 0 of 64 new biomes in 4.003 ms
[17:44:57] [Server thread/INFO]: Starting background profiler...
[17:44:58] [Server thread/INFO]: Starting minecraft server version 1.20.4
[17:44:58] [Server thread/INFO]: Loading properties
[17:44:58] [Server thread/INFO]: Default game type: SURVIVAL
[17:44:58] [Server thread/INFO]: Generating keypair
[17:44:58] [Server thread/INFO]: Starting Minecraft server on *:25565
[17:44:58] [Server thread/INFO]: Using epoll channel type
[17:44:58] [Server thread/WARN]: **** SERVER IS RUNNING IN OFFLINE/INSECURE MODE!
[17:44:58] [Server thread/WARN]: The server will make no attempt to authenticate usernames. Beware.
[17:44:58] [Server thread/WARN]: While this makes the game possible to play without internet access, it also opens up the ability for hackers to connect with any username they choose.
[17:44:58] [Server thread/WARN]: To change this, set "online-mode" to "true" in the server.properties file.
[17:44:58] [Server thread/INFO]: Preparing level "world"
[17:44:59] [Server thread/INFO]: Enforcing safe world random access
[17:45:08] [Server thread/INFO]: Preparing start region for dimension minecraft:overworld
[17:45:11] [Worker-Main-1/INFO]: Preparing spawn area: 0%
[17:45:11] [Worker-Main-1/INFO]: Preparing spawn area: 0%
[17:45:11] [Worker-Main-1/INFO]: Preparing spawn area: 0%
[17:45:11] [Worker-Main-1/INFO]: Preparing spawn area: 0%
[17:45:12] [Worker-Main-1/INFO]: Preparing spawn area: 0%
[17:45:12] [Worker-Main-1/INFO]: Preparing spawn area: 0%
[17:45:12] [Worker-Main-1/INFO]: Preparing spawn area: 0%
[17:45:12] [Worker-Main-1/INFO]: Preparing spawn area: 0%
[17:45:12] [Worker-Main-1/INFO]: Preparing spawn area: 0%
[17:45:13] [Worker-Main-1/INFO]: Preparing spawn area: 0%
[17:45:13] [Worker-Main-1/INFO]: Preparing spawn area: 0%
[17:45:14] [Worker-Main-1/INFO]: Preparing spawn area: 0%
[17:45:14] [Worker-Main-1/INFO]: Preparing spawn area: 0%
[17:45:15] [Worker-Main-1/INFO]: Preparing spawn area: 0%
[17:45:15] [Worker-Main-1/INFO]: Preparing spawn area: 0%
[17:45:16] [Worker-Main-1/INFO]: Preparing spawn area: 1%
[17:45:16] [Worker-Main-1/INFO]: Preparing spawn area: 1%
[17:45:17] [Worker-Main-1/INFO]: Preparing spawn area: 4%
[17:45:17] [Worker-Main-1/INFO]: Preparing spawn area: 4%
[17:45:18] [Worker-Main-1/INFO]: Preparing spawn area: 4%
[17:45:18] [Worker-Main-1/INFO]: Preparing spawn area: 4%
[17:45:19] [Worker-Main-1/INFO]: Preparing spawn area: 7%
[17:45:19] [Worker-Main-1/INFO]: Preparing spawn area: 13%
[17:45:20] [Worker-Main-1/INFO]: Preparing spawn area: 24%
[17:45:20] [Worker-Main-1/INFO]: Preparing spawn area: 33%
[17:45:21] [Worker-Main-1/INFO]: Preparing spawn area: 48%
[17:45:21] [Worker-Main-1/INFO]: Preparing spawn area: 56%
[17:45:22] [Worker-Main-1/INFO]: Preparing spawn area: 70%
[17:45:22] [Server thread/INFO]: Time elapsed: 13906 ms
[17:45:22] [Server thread/INFO]: Done (23.748s)! For help, type "help"
[17:45:22] [Server thread/WARN]: [voicechat] Running in offline mode - Voice chat encryption is not secure!
[17:45:22] [VoiceChatServerThread/INFO]: [voicechat] Voice chat server started at port 24454
[17:45:24] [Server thread/WARN]: Can't keep up! Is the server overloaded? Running 2128ms or 42 ticks behind
